// Jest Snapshot v1, https://goo.gl/fbAQLP

exports[`Search Component matches a snapshot 1`] = `
<Fragment>
  <form
    onSubmit={[Function]}
  >
    <fieldset>
      <input
        name="artist-search"
        onChange={[Function]}
        type="text"
        value="Grouper"
      />
      <button>
        Find Artist!
      </button>
    </fieldset>
  </form>
</Fragment>
`;
