// Jest Snapshot v1, https://goo.gl/fbAQLP

exports[`Artist Component matches a snapshot 1`] = `
<Link
  to="/U2/undefined"
>
  <p>
    U2
  </p>
</Link>
`;
